
> aulaunida@0.1.0 build
> next build --turbopack

   Ôû▓ Next.js 15.5.2 (Turbopack)
   - Environments: .env

   Creating an optimized production build ...
 Ô£ô Finished writing to disk in 173ms
 Ô£ô Compiled successfully in 6.3s
   Linting and checking validity of types ...

./src/app/admin/anuncios/page.tsx
37:6  Warning: React Hook useEffect has missing dependencies: 'loadAnuncios' and 'loadMaterias'. Either include them or remove the dependency array.  react-hooks/exhaustive-deps

./src/app/admin/asignaturas/page.tsx
284:13  Warning: Using `<img>` could result in slower LCP and higher bandwidth. Consider using `<Image />` from `next/image` or a custom image loader to automatically optimize images. This may incur additional usage or cost from your provider. See: https://nextjs.org/docs/messages/no-img-element  @next/next/no-img-element

./src/app/admin/aulas/page.tsx
169:13  Warning: Using `<img>` could result in slower LCP and higher bandwidth. Consider using `<Image />` from `next/image` or a custom image loader to automatically optimize images. This may incur additional usage or cost from your provider. See: https://nextjs.org/docs/messages/no-img-element  @next/next/no-img-element

./src/app/admin/ciclos/page.tsx
165:13  Warning: Using `<img>` could result in slower LCP and higher bandwidth. Consider using `<Image />` from `next/image` or a custom image loader to automatically optimize images. This may incur additional usage or cost from your provider. See: https://nextjs.org/docs/messages/no-img-element  @next/next/no-img-element

./src/app/admin/configuracion/page.tsx
33:13  Warning: Using `<img>` could result in slower LCP and higher bandwidth. Consider using `<Image />` from `next/image` or a custom image loader to automatically optimize images. This may incur additional usage or cost from your provider. See: https://nextjs.org/docs/messages/no-img-element  @next/next/no-img-element

./src/app/admin/grados/page.tsx
223:13  Warning: Using `<img>` could result in slower LCP and higher bandwidth. Consider using `<Image />` from `next/image` or a custom image loader to automatically optimize images. This may incur additional usage or cost from your provider. See: https://nextjs.org/docs/messages/no-img-element  @next/next/no-img-element

./src/app/admin/horarios/page.tsx
202:13  Warning: Using `<img>` could result in slower LCP and higher bandwidth. Consider using `<Image />` from `next/image` or a custom image loader to automatically optimize images. This may incur additional usage or cost from your provider. See: https://nextjs.org/docs/messages/no-img-element  @next/next/no-img-element

./src/app/admin/matricula/page.tsx
67:45  Warning: React Hook useEffect has a missing dependency: 'fetchMatriculados'. Either include it or remove the dependency array.  react-hooks/exhaustive-deps
141:13  Warning: Using `<img>` could result in slower LCP and higher bandwidth. Consider using `<Image />` from `next/image` or a custom image loader to automatically optimize images. This may incur additional usage or cost from your provider. See: https://nextjs.org/docs/messages/no-img-element  @next/next/no-img-element

./src/app/admin/page.tsx
85:13  Warning: Using `<img>` could result in slower LCP and higher bandwidth. Consider using `<Image />` from `next/image` or a custom image loader to automatically optimize images. This may incur additional usage or cost from your provider. See: https://nextjs.org/docs/messages/no-img-element  @next/next/no-img-element

./src/app/admin/reportes/page.tsx
23:6  Warning: React Hook useEffect has a missing dependency: 'loadOpcionesFiltro'. Either include it or remove the dependency array.  react-hooks/exhaustive-deps

./src/app/admin/sedes/page.tsx
166:13  Warning: Using `<img>` could result in slower LCP and higher bandwidth. Consider using `<Image />` from `next/image` or a custom image loader to automatically optimize images. This may incur additional usage or cost from your provider. See: https://nextjs.org/docs/messages/no-img-element  @next/next/no-img-element

./src/app/admin/usuarios/listado/page.tsx
100:13  Warning: Using `<img>` could result in slower LCP and higher bandwidth. Consider using `<Image />` from `next/image` or a custom image loader to automatically optimize images. This may incur additional usage or cost from your provider. See: https://nextjs.org/docs/messages/no-img-element  @next/next/no-img-element

./src/app/admin/usuarios/page.tsx
338:13  Warning: Using `<img>` could result in slower LCP and higher bandwidth. Consider using `<Image />` from `next/image` or a custom image loader to automatically optimize images. This may incur additional usage or cost from your provider. See: https://nextjs.org/docs/messages/no-img-element  @next/next/no-img-element
494:21  Warning: Using `<img>` could result in slower LCP and higher bandwidth. Consider using `<Image />` from `next/image` or a custom image loader to automatically optimize images. This may incur additional usage or cost from your provider. See: https://nextjs.org/docs/messages/no-img-element  @next/next/no-img-element

./src/app/docente/asistencia/page.tsx
32:6  Warning: React Hook useEffect has a missing dependency: 'loadMaterias'. Either include it or remove the dependency array.  react-hooks/exhaustive-deps

./src/app/docente/horarios/page.tsx
98:11  Warning: Using `<img>` could result in slower LCP and higher bandwidth. Consider using `<Image />` from `next/image` or a custom image loader to automatically optimize images. This may incur additional usage or cost from your provider. See: https://nextjs.org/docs/messages/no-img-element  @next/next/no-img-element

./src/app/docente/notas/page.tsx
458:11  Warning: Using `<img>` could result in slower LCP and higher bandwidth. Consider using `<Image />` from `next/image` or a custom image loader to automatically optimize images. This may incur additional usage or cost from your provider. See: https://nextjs.org/docs/messages/no-img-element  @next/next/no-img-element

./src/app/docente/page.tsx
102:11  Warning: Using `<img>` could result in slower LCP and higher bandwidth. Consider using `<Image />` from `next/image` or a custom image loader to automatically optimize images. This may incur additional usage or cost from your provider. See: https://nextjs.org/docs/messages/no-img-element  @next/next/no-img-element

./src/app/docente/tareas/page.tsx
46:6  Warning: React Hook useEffect has missing dependencies: 'loadMaterias' and 'loadTareas'. Either include them or remove the dependency array.  react-hooks/exhaustive-deps

./src/app/estudiante/page.tsx
87:11  Warning: Using `<img>` could result in slower LCP and higher bandwidth. Consider using `<Image />` from `next/image` or a custom image loader to automatically optimize images. This may incur additional usage or cost from your provider. See: https://nextjs.org/docs/messages/no-img-element  @next/next/no-img-element
87:11  Warning: img elements must have an alt prop, either with meaningful text, or an empty string for decorative images.  jsx-a11y/alt-text

./src/app/estudiante/tareas/page.tsx
38:6  Warning: React Hook useEffect has a missing dependency: 'loadTareas'. Either include it or remove the dependency array.  react-hooks/exhaustive-deps

./src/components/admin/MateriasAdminPage.tsx
175:13  Warning: Using `<img>` could result in slower LCP and higher bandwidth. Consider using `<Image />` from `next/image` or a custom image loader to automatically optimize images. This may incur additional usage or cost from your provider. See: https://nextjs.org/docs/messages/no-img-element  @next/next/no-img-element

./src/components/admin/MatriculaAdminPage.tsx
146:13  Warning: Using `<img>` could result in slower LCP and higher bandwidth. Consider using `<Image />` from `next/image` or a custom image loader to automatically optimize images. This may incur additional usage or cost from your provider. See: https://nextjs.org/docs/messages/no-img-element  @next/next/no-img-element

./src/components/landing/HeroSection.tsx
21:6  Warning: React Hook useEffect has a missing dependency: 'heroTexts.length'. Either include it or remove the dependency array.  react-hooks/exhaustive-deps

./src/components/layout/EstudianteLayout.tsx
91:11  Warning: Using `<img>` could result in slower LCP and higher bandwidth. Consider using `<Image />` from `next/image` or a custom image loader to automatically optimize images. This may incur additional usage or cost from your provider. See: https://nextjs.org/docs/messages/no-img-element  @next/next/no-img-element

info  - Need to disable some ESLint rules? Learn more here: https://nextjs.org/docs/app/api-reference/config/eslint#disabling-rules
   Collecting page data ...
node.exe : (node:26376) [DEP0040] DeprecationWarning: The `punycode` module is 
deprecated. Please use a userland alternative instead.
En C:\Program Files\nodejs\npm.ps1: 29 Carácter: 3
+   & $NODE_EXE $NPM_CLI_JS $args
+   ~~~~~~~~~~~~~~~~~~~~~~~~~~~~~
    + CategoryInfo          : NotSpecified: ((node:26376) [D...native instead. 
   :String) [], RemoteException
    + FullyQualifiedErrorId : NativeCommandError
 
(Use `node --trace-deprecation ...` to show where the warning was created)
(node:16208) [DEP0040] DeprecationWarning: The `punycode` module is 
deprecated. Please use a userland alternative instead.
(Use `node --trace-deprecation ...` to show where the warning was created)
(node:22280) [DEP0040] DeprecationWarning: The `punycode` module is 
deprecated. Please use a userland alternative instead.
(Use `node --trace-deprecation ...` to show where the warning was created)
(node:7948) [DEP0040] DeprecationWarning: The `punycode` module is deprecated. 
Please use a userland alternative instead.
(Use `node --trace-deprecation ...` to show where the warning was created)
(node:18668) [DEP0040] DeprecationWarning: The `punycode` module is 
deprecated. Please use a userland alternative instead.
(Use `node --trace-deprecation ...` to show where the warning was created)
(node:16120) [DEP0040] DeprecationWarning: The `punycode` module is 
deprecated. Please use a userland alternative instead.
(Use `node --trace-deprecation ...` to show where the warning was created)
(node:11708) [DEP0040] DeprecationWarning: The `punycode` module is 
deprecated. Please use a userland alternative instead.
(Use `node --trace-deprecation ...` to show where the warning was created)
(node:20916) [DEP0040] DeprecationWarning: The `punycode` module is 
deprecated. Please use a userland alternative instead.
(Use `node --trace-deprecation ...` to show where the warning was created)
(node:26692) [DEP0040] DeprecationWarning: The `punycode` module is 
deprecated. Please use a userland alternative instead.
(Use `node --trace-deprecation ...` to show where the warning was created)
(node:22252) [DEP0040] DeprecationWarning: The `punycode` module is 
deprecated. Please use a userland alternative instead.
(Use `node --trace-deprecation ...` to show where the warning was created)
(node:21328) [DEP0040] DeprecationWarning: The `punycode` module is 
deprecated. Please use a userland alternative instead.
(Use `node --trace-deprecation ...` to show where the warning was created)
   Generating static pages (0/66) ...
   Generating static pages (16/66) 
(node:4320) [DEP0040] DeprecationWarning: The `punycode` module is deprecated. 
Please use a userland alternative instead.
(Use `node --trace-deprecation ...` to show where the warning was created)
(node:8336) [DEP0040] DeprecationWarning: The `punycode` module is deprecated. 
Please use a userland alternative instead.
(Use `node --trace-deprecation ...` to show where the warning was created)
   Generating static pages (32/66) 
 Ô¿» useSearchParams() should be wrapped in a suspense boundary at page 
"/admin/usuarios". Read more: 
https://nextjs.org/docs/messages/missing-suspense-with-csr-bailout
    at g (C:\Users\juant\Documents\proyectoCUN\aulaunida\.next\server\chunks\ss
r\node_modules_next_dist_042de4b7._.js:4:5016)
    at m (C:\Users\juant\Documents\proyectoCUN\aulaunida\.next\server\chunks\ss
r\node_modules_next_dist_042de4b7._.js:4:6650)
    at p (C:\Users\juant\Documents\proyectoCUN\aulaunida\.next\server\chunks\ss
r\src_27162200._.js:1:1747)
    at n3 (C:\Users\juant\Documents\proyectoCUN\aulaunida\node_modules\next\dis
t\compiled\next-server\app-page-turbo.runtime.prod.js:2:82831)
    at n6 (C:\Users\juant\Documents\proyectoCUN\aulaunida\node_modules\next\dis
t\compiled\next-server\app-page-turbo.runtime.prod.js:2:84601)
    at n5 (C:\Users\juant\Documents\proyectoCUN\aulaunida\node_modules\next\dis
t\compiled\next-server\app-page-turbo.runtime.prod.js:2:104801)
    at n7 (C:\Users\juant\Documents\proyectoCUN\aulaunida\node_modules\next\dis
t\compiled\next-server\app-page-turbo.runtime.prod.js:2:102219)
    at n8 (C:\Users\juant\Documents\proyectoCUN\aulaunida\node_modules\next\dis
t\compiled\next-server\app-page-turbo.runtime.prod.js:2:83183)
    at n6 (C:\Users\juant\Documents\proyectoCUN\aulaunida\node_modules\next\dis
t\compiled\next-server\app-page-turbo.runtime.prod.js:2:84647)
    at n6 (C:\Users\juant\Documents\proyectoCUN\aulaunida\node_modules\next\dis
t\compiled\next-server\app-page-turbo.runtime.prod.js:2:101560)
Error occurred prerendering page "/admin/usuarios". Read more: 
https://nextjs.org/docs/messages/prerender-error
Export encountered an error on /admin/usuarios/page: /admin/usuarios, exiting 
the build.
 Ô¿» Next.js build worker exited with code: 1 and signal: null
